#-----------------------------------------------------------
# Vivado v2024.2_AR37126 (64-bit)
# SW Build 5239630 on Fri Nov 08 22:34:34 MST 2024
# IP Build 5239520 on Sun Nov 10 16:12:51 MST 2024
# SharedData Build 5239561 on Fri Nov 08 14:39:27 MST 2024
# Start of session at: Thu Mar 13 10:18:32 2025
# Process ID         : 54767
# Current directory  : /home/wynnechen/project/EPS_VU13P/lab/lab1_led/LED_lab1/LED_lab1.runs/synth_1
# Command line       : vivado -log db_wrapper.vds -product Vivado -mode batch -messageDb vivado.pb -notrace -source db_wrapper.tcl
# Log file           : /home/wynnechen/project/EPS_VU13P/lab/lab1_led/LED_lab1/LED_lab1.runs/synth_1/db_wrapper.vds
# Journal file       : /home/wynnechen/project/EPS_VU13P/lab/lab1_led/LED_lab1/LED_lab1.runs/synth_1/vivado.jou
# Running On         : WC-DemoNB
# Platform           : Ubuntu
# Operating System   : Ubuntu 22.04.5 LTS
# Processor Detail   : 13th Gen Intel(R) Core(TM) i7-13700H
# CPU Frequency      : 999.148 MHz
# CPU Physical cores : 14
# CPU Logical cores  : 20
# Host memory        : 67111 MB
# Swap memory        : 2147 MB
# Total Virtual      : 69259 MB
# Available Virtual  : 62523 MB
#-----------------------------------------------------------
source db_wrapper.tcl -notrace
